// Jest Snapshot v1, https://goo.gl/fbAQLP

exports[`Projects should render and match the snapshot 1`] = `
<div>
  <div
    class="sc-bczRLJ bZmHnT"
  >
    <h2
      class="sc-gsnTZi ldeTQb"
    >
      Projects
    </h2>
    <div
      class="sc-dkzDqf elbZFq"
    >
      <div
        class="sc-hKMtZM czAxNN"
      >
        <a
          class="sc-jSMfEi iNCjNm"
          href="https://nevz9.github.io/fakegram-react/"
          title="Fakegram"
        />
        <p
          class="sc-eCYdqJ hNHXnO"
        >
          Instagram clone. Social media app with features including posting, following, liking, authentication, and more. Open to public, there is a possibility of NSFW
        </p>
        <ul
          class="sc-iBkjds gTBOVg"
        >
          <li
            class="sc-ftvSup"
          >
            <img
              alt=""
              class="sc-papXJ dvteSJ"
              src="react.svg"
            />
          </li>
          <li
            class="sc-ftvSup"
          >
            <img
              alt=""
              class="sc-papXJ dvteSJ"
              src="firebase.svg"
            />
          </li>
          <li
            class="sc-ftvSup"
          >
            <img
              alt=""
              class="sc-papXJ dvteSJ"
              src="css.svg"
            />
          </li>
        </ul>
        <ul
          class="sc-gKXOVf gZkPhn"
        >
          <li>
            <a
              href="https://nevz9.github.io/fakegram-react/"
              rel="noreferrer noopener"
              target="_blank"
            >
              <svg
                fill="none"
                height="1em"
                stroke="currentColor"
                stroke-linecap="round"
                stroke-linejoin="round"
                stroke-width="2"
                viewBox="0 0 24 24"
                width="1em"
                xmlns="http://www.w3.org/2000/svg"
              >
                <path
                  d="M1 12s4-8 11-8 11 8 11 8-4 8-11 8-11-8-11-8z"
                />
                <circle
                  cx="12"
                  cy="12"
                  r="3"
                />
              </svg>
            </a>
          </li>
          <li>
            <a
              href="https://github.com/nevz9/fakegram-react"
              rel="noreferrer noopener"
              target="_blank"
            >
              <svg
                fill="none"
                height="1em"
                stroke="currentColor"
                stroke-linecap="round"
                stroke-linejoin="round"
                stroke-width="2"
                viewBox="0 0 24 24"
                width="1em"
                xmlns="http://www.w3.org/2000/svg"
              >
                <polyline
                  points="16 18 22 12 16 6"
                />
                <polyline
                  points="8 6 2 12 8 18"
                />
              </svg>
            </a>
          </li>
        </ul>
      </div>
      <div
        class="sc-hKMtZM czAxNN"
      >
        <a
          class="sc-jSMfEi jTeYHz"
          href="https://nevz9.github.io/shopping-cart/"
          title="Shopping Cart"
        />
        <p
          class="sc-eCYdqJ hNHXnO"
        >
          Shopping Cart. Imitating how a shopping website works, working with multiple products and adding a product to a cart
        </p>
        <ul
          class="sc-iBkjds gTBOVg"
        >
          <li
            class="sc-ftvSup"
          >
            <img
              alt=""
              class="sc-papXJ dvteSJ"
              src="react.svg"
            />
          </li>
          <li
            class="sc-ftvSup"
          >
            <img
              alt=""
              class="sc-papXJ dvteSJ"
              src="css.svg"
            />
          </li>
          <li
            class="sc-ftvSup"
          >
            <img
              alt=""
              class="sc-papXJ dvteSJ"
              src="jest.svg"
            />
          </li>
        </ul>
        <ul
          class="sc-gKXOVf gZkPhn"
        >
          <li>
            <a
              href="https://nevz9.github.io/shopping-cart/"
              rel="noreferrer noopener"
              target="_blank"
            >
              <svg
                fill="none"
                height="1em"
                stroke="currentColor"
                stroke-linecap="round"
                stroke-linejoin="round"
                stroke-width="2"
                viewBox="0 0 24 24"
                width="1em"
                xmlns="http://www.w3.org/2000/svg"
              >
                <path
                  d="M1 12s4-8 11-8 11 8 11 8-4 8-11 8-11-8-11-8z"
                />
                <circle
                  cx="12"
                  cy="12"
                  r="3"
                />
              </svg>
            </a>
          </li>
          <li>
            <a
              href="https://github.com/nevz9/shopping-cart"
              rel="noreferrer noopener"
              target="_blank"
            >
              <svg
                fill="none"
                height="1em"
                stroke="currentColor"
                stroke-linecap="round"
                stroke-linejoin="round"
                stroke-width="2"
                viewBox="0 0 24 24"
                width="1em"
                xmlns="http://www.w3.org/2000/svg"
              >
                <polyline
                  points="16 18 22 12 16 6"
                />
                <polyline
                  points="8 6 2 12 8 18"
                />
              </svg>
            </a>
          </li>
        </ul>
      </div>
      <div
        class="sc-hKMtZM czAxNN"
      >
        <a
          class="sc-jSMfEi yGFJl"
          href="https://photo-tagging-app-852b2.web.app/#/"
          title="Photo Tagging Application"
        />
        <p
          class="sc-eCYdqJ hNHXnO"
        >
          Photo Tagging Application. Three maps. Three Characters. Find all three as fast as you can!
        </p>
        <ul
          class="sc-iBkjds gTBOVg"
        >
          <li
            class="sc-ftvSup"
          >
            <img
              alt=""
              class="sc-papXJ dvteSJ"
              src="react.svg"
            />
          </li>
          <li
            class="sc-ftvSup"
          >
            <img
              alt=""
              class="sc-papXJ dvteSJ"
              src="firebase.svg"
            />
          </li>
          <li
            class="sc-ftvSup"
          >
            <img
              alt=""
              class="sc-papXJ dvteSJ"
              src="jest.svg"
            />
          </li>
          <li
            class="sc-ftvSup"
          >
            <img
              alt=""
              class="sc-papXJ dvteSJ"
              src="css.svg"
            />
          </li>
        </ul>
        <ul
          class="sc-gKXOVf gZkPhn"
        >
          <li>
            <a
              href="https://photo-tagging-app-852b2.web.app/#/"
              rel="noreferrer noopener"
              target="_blank"
            >
              <svg
                fill="none"
                height="1em"
                stroke="currentColor"
                stroke-linecap="round"
                stroke-linejoin="round"
                stroke-width="2"
                viewBox="0 0 24 24"
                width="1em"
                xmlns="http://www.w3.org/2000/svg"
              >
                <path
                  d="M1 12s4-8 11-8 11 8 11 8-4 8-11 8-11-8-11-8z"
                />
                <circle
                  cx="12"
                  cy="12"
                  r="3"
                />
              </svg>
            </a>
          </li>
          <li>
            <a
              href="https://github.com/nevz9/photo-tagging-app"
              rel="noreferrer noopener"
              target="_blank"
            >
              <svg
                fill="none"
                height="1em"
                stroke="currentColor"
                stroke-linecap="round"
                stroke-linejoin="round"
                stroke-width="2"
                viewBox="0 0 24 24"
                width="1em"
                xmlns="http://www.w3.org/2000/svg"
              >
                <polyline
                  points="16 18 22 12 16 6"
                />
                <polyline
                  points="8 6 2 12 8 18"
                />
              </svg>
            </a>
          </li>
        </ul>
      </div>
      <div
        class="sc-hKMtZM czAxNN"
      >
        <a
          class="sc-jSMfEi kZrQWb"
          href="https://nevz9.github.io/todo-list/"
          title="Todo App"
        />
        <p
          class="sc-eCYdqJ hNHXnO"
        >
          Todo App. Be able to create, read, update, and delete your todos. Adding local storage for data persistence
        </p>
        <ul
          class="sc-iBkjds gTBOVg"
        >
          <li
            class="sc-ftvSup"
          >
            <img
              alt=""
              class="sc-papXJ dvteSJ"
              src="html.svg"
            />
          </li>
          <li
            class="sc-ftvSup"
          >
            <img
              alt=""
              class="sc-papXJ dvteSJ"
              src="css.svg"
            />
          </li>
          <li
            class="sc-ftvSup"
          >
            <img
              alt=""
              class="sc-papXJ dvteSJ"
              src="javascript.svg"
            />
          </li>
          <li
            class="sc-ftvSup"
          >
            <img
              alt=""
              class="sc-papXJ dvteSJ"
              src="webpack.svg"
            />
          </li>
        </ul>
        <ul
          class="sc-gKXOVf gZkPhn"
        >
          <li>
            <a
              href="https://nevz9.github.io/todo-list/"
              rel="noreferrer noopener"
              target="_blank"
            >
              <svg
                fill="none"
                height="1em"
                stroke="currentColor"
                stroke-linecap="round"
                stroke-linejoin="round"
                stroke-width="2"
                viewBox="0 0 24 24"
                width="1em"
                xmlns="http://www.w3.org/2000/svg"
              >
                <path
                  d="M1 12s4-8 11-8 11 8 11 8-4 8-11 8-11-8-11-8z"
                />
                <circle
                  cx="12"
                  cy="12"
                  r="3"
                />
              </svg>
            </a>
          </li>
          <li>
            <a
              href="https://github.com/nevz9/todo-list"
              rel="noreferrer noopener"
              target="_blank"
            >
              <svg
                fill="none"
                height="1em"
                stroke="currentColor"
                stroke-linecap="round"
                stroke-linejoin="round"
                stroke-width="2"
                viewBox="0 0 24 24"
                width="1em"
                xmlns="http://www.w3.org/2000/svg"
              >
                <polyline
                  points="16 18 22 12 16 6"
                />
                <polyline
                  points="8 6 2 12 8 18"
                />
              </svg>
            </a>
          </li>
        </ul>
      </div>
      <div
        class="sc-hKMtZM czAxNN"
      >
        <a
          class="sc-jSMfEi hiUXtu"
          href="https://nevz9.github.io/battleship/"
          title="Battleship"
        />
        <p
          class="sc-eCYdqJ hNHXnO"
        >
          Battleship. A single player game where the player and computer battles out who sinks the most ships first. Only works in desktop right now
        </p>
        <ul
          class="sc-iBkjds gTBOVg"
        >
          <li
            class="sc-ftvSup"
          >
            <img
              alt=""
              class="sc-papXJ dvteSJ"
              src="html.svg"
            />
          </li>
          <li
            class="sc-ftvSup"
          >
            <img
              alt=""
              class="sc-papXJ dvteSJ"
              src="css.svg"
            />
          </li>
          <li
            class="sc-ftvSup"
          >
            <img
              alt=""
              class="sc-papXJ dvteSJ"
              src="javascript.svg"
            />
          </li>
          <li
            class="sc-ftvSup"
          >
            <img
              alt=""
              class="sc-papXJ dvteSJ"
              src="jest.svg"
            />
          </li>
          <li
            class="sc-ftvSup"
          >
            <img
              alt=""
              class="sc-papXJ dvteSJ"
              src="webpack.svg"
            />
          </li>
        </ul>
        <ul
          class="sc-gKXOVf gZkPhn"
        >
          <li>
            <a
              href="https://nevz9.github.io/battleship/"
              rel="noreferrer noopener"
              target="_blank"
            >
              <svg
                fill="none"
                height="1em"
                stroke="currentColor"
                stroke-linecap="round"
                stroke-linejoin="round"
                stroke-width="2"
                viewBox="0 0 24 24"
                width="1em"
                xmlns="http://www.w3.org/2000/svg"
              >
                <path
                  d="M1 12s4-8 11-8 11 8 11 8-4 8-11 8-11-8-11-8z"
                />
                <circle
                  cx="12"
                  cy="12"
                  r="3"
                />
              </svg>
            </a>
          </li>
          <li>
            <a
              href="https://github.com/nevz9/battleship"
              rel="noreferrer noopener"
              target="_blank"
            >
              <svg
                fill="none"
                height="1em"
                stroke="currentColor"
                stroke-linecap="round"
                stroke-linejoin="round"
                stroke-width="2"
                viewBox="0 0 24 24"
                width="1em"
                xmlns="http://www.w3.org/2000/svg"
              >
                <polyline
                  points="16 18 22 12 16 6"
                />
                <polyline
                  points="8 6 2 12 8 18"
                />
              </svg>
            </a>
          </li>
        </ul>
      </div>
      <div
        class="sc-hKMtZM czAxNN"
      >
        <a
          class="sc-jSMfEi gZrSCO"
          href="https://franciscasibu.codes/"
          title="Personal Portfolio"
        />
        <p
          class="sc-eCYdqJ hNHXnO"
        >
          Personal Portfolio. The site that you are seeing right now, see how I made it using TypeScript, React, and Styled Components
        </p>
        <ul
          class="sc-iBkjds gTBOVg"
        >
          <li
            class="sc-ftvSup"
          >
            <img
              alt=""
              class="sc-papXJ dvteSJ"
              src="react.svg"
            />
          </li>
          <li
            class="sc-ftvSup"
          >
            <img
              alt=""
              class="sc-papXJ dvteSJ"
              src="typescript.svg"
            />
          </li>
          <li
            class="sc-ftvSup"
          >
            <img
              alt=""
              class="sc-papXJ dvteSJ"
              src="styled.svg"
            />
          </li>
          <li
            class="sc-ftvSup"
          >
            <img
              alt=""
              class="sc-papXJ dvteSJ"
              src="jest.svg"
            />
          </li>
        </ul>
        <ul
          class="sc-gKXOVf gZkPhn"
        >
          <li>
            <a
              href="https://franciscasibu.codes/"
              rel="noreferrer noopener"
              target="_blank"
            >
              <svg
                fill="none"
                height="1em"
                stroke="currentColor"
                stroke-linecap="round"
                stroke-linejoin="round"
                stroke-width="2"
                viewBox="0 0 24 24"
                width="1em"
                xmlns="http://www.w3.org/2000/svg"
              >
                <path
                  d="M1 12s4-8 11-8 11 8 11 8-4 8-11 8-11-8-11-8z"
                />
                <circle
                  cx="12"
                  cy="12"
                  r="3"
                />
              </svg>
            </a>
          </li>
          <li>
            <a
              href="https://github.com/nevz9/portfolio/"
              rel="noreferrer noopener"
              target="_blank"
            >
              <svg
                fill="none"
                height="1em"
                stroke="currentColor"
                stroke-linecap="round"
                stroke-linejoin="round"
                stroke-width="2"
                viewBox="0 0 24 24"
                width="1em"
                xmlns="http://www.w3.org/2000/svg"
              >
                <polyline
                  points="16 18 22 12 16 6"
                />
                <polyline
                  points="8 6 2 12 8 18"
                />
              </svg>
            </a>
          </li>
        </ul>
      </div>
    </div>
  </div>
</div>
`;
