// Jest Snapshot v1, https://goo.gl/fbAQLP

exports[`Showcase should render and match the snapshot 1`] = `
<div>
  <div
    class="sc-gsnTZi iHWRiE"
  >
    <h1
      class="sc-dkzDqf hFzkqp"
    >
      Hi, I'm Francis
    </h1>
    <p
      class="sc-hKMtZM gaZiMG"
    >
      I'm a full stack web developer
    </p>
    <button
      class="sc-bczRLJ hsREaV"
    >
      View my projects
    </button>
  </div>
</div>
`;
